10:04:51 **** Incremental Build of configuration Debug for project lcd7 ****
make pre-build main-build 
a9-linaro-pre-build-step
' '
'Building file: ../src/display_demo.c'
'Invoking: ARM v7 gcc compiler'
arm-none-eabi-gcc -Wall -O0 -g3 -c -fmessage-length=0 -MT"src/display_demo.o" -mcpu=cortex-a9 -mfpu=vfpv3 -mfloat-abi=hard -I../../lcd7_bsp/ps7_cortexa9_0/include -MMD -MP -MF"src/display_demo.d" -MT"src/display_demo.o" -o "src/display_demo.o" "../src/display_demo.c"
../src/display_demo.c: In function 'main':
../src/display_demo.c:141:3: warning: implicit declaration of function 'vdma_write_init' [-Wimplicit-function-declaration]
   vdma_write_init(XPAR_AXIVDMA_1_DEVICE_ID,400 * 3,240,800 * 3,(unsigned int)dispCtrl.framePtr[dispCtrl.curFrame]);
   ^~~~~~~~~~~~~~~
'Finished building: ../src/display_demo.c'
' '
'Building target: lcd7.elf'
'Invoking: ARM v7 gcc linker'
arm-none-eabi-gcc -mcpu=cortex-a9 -mfpu=vfpv3 -mfloat-abi=hard -Wl,-build-id=none -specs=Xilinx.spec -Wl,-T -Wl,../src/lscript.ld -L../../lcd7_bsp/ps7_cortexa9_0/lib -o "lcd7.elf"  ./src/i2c/PS_i2c.o  ./src/dynclk/dynclk.o  ./src/display_ctrl/display_ctrl.o  ./src/display_demo.o ./src/ov5640.o ./src/vdma.o   -Wl,--start-group,-lxil,-lgcc,-lc,--end-group
'Finished building target: lcd7.elf'
' '
'Invoking: ARM v7 Print Size'
arm-none-eabi-size lcd7.elf  |tee "lcd7.elf.size"
   text	   data	    bss	    dec	    hex	filename
1503280	   2652	3481568	4987500	 4c1a6c	lcd7.elf
'Finished building: lcd7.elf.size'
' '

10:05:05 Build Finished (took 14s.590ms)

